npm warn deprecated uuid@7.0.3: uuid@10 and below is no longer supported.  For ESM codebases, update to uuid@latest.  For CommonJS codebases, use uuid@11 (but be aware this version will likely be deprecated in 2028).

added 106 packages in 2s

  www/main.js   162.3kb
  www/main.css   36.9kb

⚡ Done in 23ms
✔ Copying web assets from www to android/app/src/main/assets/public in 3.96ms
✔ Creating capacitor.config.json in android/app/src/main/assets in 497.43μs
✔ copy android in 11.34ms
✔ Updating Android plugins in 1.11ms
[info] Found 4 Capacitor plugins for android:
       @capacitor-community/keep-awake@8.0.1
       @capacitor/app@8.1.1
       @capacitor/filesystem@8.1.3
       @capacitor/share@8.0.2
✔ update android in 22.78ms
[info] Sync finished in 0.052s
Downloading https://services.gradle.org/distributions/gradle-8.14.3-all.zip
.....................10%.....................20%......................30%.....................40%......................50%.....................60%.....................70%......................80%.....................90%......................100%

Welcome to Gradle 8.14.3!

Here are the highlights of this release:
 - Java 24 support
 - GraalVM Native Image toolchain selection
 - Enhancements to test reporting
 - Build Authoring improvements

For more details see https://docs.gradle.org/8.14.3/release-notes.html

To honour the JVM settings for this build a single-use Daemon process will be forked. For more on this, please refer to https://docs.gradle.org/8.14.3/userguide/gradle_daemon.html#sec:disabling_the_daemon in the Gradle documentation.
Daemon will be stopped at the end of the build 

> Configure project :app
WARNING: Using flatDir should be avoided because it doesn't support any meta-data formats.

> Configure project :capacitor-cordova-android-plugins
WARNING: Using flatDir should be avoided because it doesn't support any meta-data formats.

> Task :app:preBuild UP-TO-DATE
> Task :app:preReleaseBuild UP-TO-DATE
> Task :app:mergeReleaseJniLibFolders
> Task :capacitor-android:preBuild UP-TO-DATE
> Task :capacitor-android:preReleaseBuild UP-TO-DATE
> Task :capacitor-android:mergeReleaseJniLibFolders
> Task :capacitor-android:mergeReleaseNativeLibs NO-SOURCE
> Task :capacitor-app:preBuild UP-TO-DATE
> Task :capacitor-app:preReleaseBuild UP-TO-DATE
> Task :capacitor-android:copyReleaseJniLibsProjectOnly
> Task :capacitor-app:mergeReleaseJniLibFolders
> Task :capacitor-app:mergeReleaseNativeLibs NO-SOURCE
> Task :capacitor-community-keep-awake:preBuild UP-TO-DATE
> Task :capacitor-community-keep-awake:preReleaseBuild UP-TO-DATE
> Task :capacitor-app:copyReleaseJniLibsProjectOnly
> Task :capacitor-community-keep-awake:mergeReleaseJniLibFolders
> Task :capacitor-community-keep-awake:mergeReleaseNativeLibs NO-SOURCE
> Task :capacitor-community-keep-awake:copyReleaseJniLibsProjectOnly
> Task :capacitor-cordova-android-plugins:preBuild UP-TO-DATE
> Task :capacitor-cordova-android-plugins:preReleaseBuild UP-TO-DATE
> Task :capacitor-cordova-android-plugins:mergeReleaseJniLibFolders
> Task :capacitor-cordova-android-plugins:mergeReleaseNativeLibs NO-SOURCE
> Task :capacitor-filesystem:preBuild UP-TO-DATE
> Task :capacitor-filesystem:preReleaseBuild UP-TO-DATE
> Task :capacitor-cordova-android-plugins:copyReleaseJniLibsProjectOnly
> Task :capacitor-filesystem:mergeReleaseJniLibFolders
> Task :capacitor-filesystem:mergeReleaseNativeLibs NO-SOURCE
> Task :capacitor-share:preBuild UP-TO-DATE
> Task :capacitor-share:preReleaseBuild UP-TO-DATE
> Task :capacitor-filesystem:copyReleaseJniLibsProjectOnly
> Task :capacitor-share:mergeReleaseJniLibFolders
> Task :capacitor-share:mergeReleaseNativeLibs NO-SOURCE
> Task :capacitor-share:copyReleaseJniLibsProjectOnly
> Task :app:mergeReleaseNativeLibs NO-SOURCE
> Task :app:stripReleaseDebugSymbols NO-SOURCE
> Task :app:extractReleaseNativeSymbolTables NO-SOURCE
> Task :app:mergeReleaseNativeDebugMetadata NO-SOURCE
> Task :capacitor-android:generateReleaseResValues
> Task :capacitor-android:generateReleaseResources
> Task :capacitor-android:packageReleaseResources
> Task :capacitor-android:processReleaseNavigationResources
> Task :capacitor-android:javaPreCompileRelease
> Task :capacitor-community-keep-awake:generateReleaseResValues
> Task :capacitor-community-keep-awake:generateReleaseResources
> Task :capacitor-community-keep-awake:packageReleaseResources
> Task :capacitor-community-keep-awake:processReleaseNavigationResources
> Task :capacitor-app:generateReleaseResValues
> Task :capacitor-community-keep-awake:javaPreCompileRelease
> Task :capacitor-app:generateReleaseResources
> Task :capacitor-app:packageReleaseResources
> Task :capacitor-app:processReleaseNavigationResources
> Task :capacitor-app:javaPreCompileRelease
> Task :capacitor-filesystem:checkKotlinGradlePluginConfigurationErrors SKIPPED
> Task :capacitor-filesystem:generateReleaseResValues
> Task :capacitor-filesystem:generateReleaseResources
> Task :capacitor-app:parseReleaseLocalResources
> Task :capacitor-community-keep-awake:parseReleaseLocalResources
> Task :capacitor-android:parseReleaseLocalResources
> Task :capacitor-filesystem:packageReleaseResources
> Task :capacitor-filesystem:processReleaseNavigationResources
> Task :capacitor-android:generateReleaseRFile
> Task :capacitor-community-keep-awake:generateReleaseRFile
> Task :capacitor-app:generateReleaseRFile
> Task :capacitor-filesystem:parseReleaseLocalResources

> Task :capacitor-android:compileReleaseJavaWithJavac
Note: Some input files use unchecked or unsafe operations.
Note: Recompile with -Xlint:unchecked for details.

> Task :capacitor-filesystem:generateReleaseRFile
> Task :capacitor-filesystem:javaPreCompileRelease
> Task :capacitor-share:generateReleaseResValues
> Task :capacitor-share:generateReleaseResources
> Task :capacitor-share:packageReleaseResources
> Task :capacitor-android:bundleLibCompileToJarRelease
> Task :capacitor-community-keep-awake:compileReleaseJavaWithJavac
> Task :capacitor-community-keep-awake:bundleLibRuntimeToDirRelease
> Task :capacitor-app:compileReleaseJavaWithJavac
> Task :capacitor-app:bundleLibRuntimeToDirRelease
> Task :capacitor-share:processReleaseNavigationResources
> Task :capacitor-share:javaPreCompileRelease
> Task :capacitor-cordova-android-plugins:generateReleaseResValues
> Task :capacitor-share:parseReleaseLocalResources
> Task :capacitor-share:generateReleaseRFile
> Task :capacitor-cordova-android-plugins:generateReleaseResources
> Task :capacitor-android:bundleLibRuntimeToDirRelease
> Task :capacitor-share:compileReleaseJavaWithJavac
> Task :capacitor-share:bundleLibRuntimeToDirRelease
> Task :capacitor-cordova-android-plugins:packageReleaseResources
> Task :capacitor-cordova-android-plugins:processReleaseNavigationResources
> Task :capacitor-cordova-android-plugins:parseReleaseLocalResources
> Task :capacitor-cordova-android-plugins:generateReleaseRFile
> Task :capacitor-cordova-android-plugins:javaPreCompileRelease
> Task :capacitor-cordova-android-plugins:compileReleaseJavaWithJavac NO-SOURCE
> Task :capacitor-cordova-android-plugins:bundleLibRuntimeToDirRelease
> Task :app:checkReleaseDuplicateClasses
> Task :app:javaPreCompileRelease
> Task :capacitor-android:writeReleaseAarMetadata
> Task :capacitor-app:writeReleaseAarMetadata
> Task :capacitor-community-keep-awake:writeReleaseAarMetadata
> Task :capacitor-cordova-android-plugins:writeReleaseAarMetadata
> Task :capacitor-filesystem:writeReleaseAarMetadata
> Task :capacitor-share:writeReleaseAarMetadata
> Task :app:processReleaseNavigationResources
> Task :app:checkReleaseAarMetadata
> Task :app:generateReleaseResValues
> Task :app:compileReleaseNavigationResources
> Task :app:mapReleaseSourceSetPaths
> Task :app:generateReleaseResources
> Task :app:packageReleaseResources
> Task :app:createReleaseCompatibleScreenManifests
> Task :app:extractDeepLinksRelease
> Task :capacitor-android:extractDeepLinksRelease
> Task :app:parseReleaseLocalResources
> Task :capacitor-app:extractDeepLinksRelease
> Task :capacitor-android:processReleaseManifest
> Task :capacitor-community-keep-awake:extractDeepLinksRelease
> Task :capacitor-app:processReleaseManifest
> Task :capacitor-cordova-android-plugins:extractDeepLinksRelease
> Task :capacitor-community-keep-awake:processReleaseManifest
> Task :capacitor-filesystem:extractDeepLinksRelease
> Task :capacitor-cordova-android-plugins:processReleaseManifest
> Task :capacitor-share:extractDeepLinksRelease
> Task :capacitor-filesystem:processReleaseManifest
> Task :capacitor-share:processReleaseManifest
> Task :capacitor-android:compileReleaseLibraryResources
> Task :app:processReleaseMainManifest
> Task :app:mergeReleaseResources
> Task :app:processReleaseManifest
> Task :capacitor-app:compileReleaseLibraryResources
> Task :capacitor-community-keep-awake:compileReleaseLibraryResources
> Task :capacitor-cordova-android-plugins:compileReleaseLibraryResources
> Task :app:processReleaseManifestForPackage
> Task :capacitor-filesystem:compileReleaseLibraryResources
> Task :capacitor-share:compileReleaseLibraryResources
> Task :capacitor-app:bundleLibCompileToJarRelease
> Task :capacitor-community-keep-awake:bundleLibCompileToJarRelease
> Task :capacitor-cordova-android-plugins:bundleLibCompileToJarRelease
> Task :capacitor-share:bundleLibCompileToJarRelease
> Task :app:desugarReleaseFileDependencies
> Task :app:mergeReleaseStartupProfile

> Task :capacitor-filesystem:compileReleaseKotlin
w: file:///home/runner/work/Manu/Manu/recettes-app/node_modules/@capacitor/filesystem/android/src/main/kotlin/com/capacitorjs/plugins/filesystem/FilesystemPlugin.kt:335:31 'fun downloadFile(call: PluginCall): Unit' is deprecated. Use @capacitor/file-transfer plugin instead.
w: file:///home/runner/work/Manu/Manu/recettes-app/node_modules/@capacitor/filesystem/android/src/main/kotlin/com/capacitorjs/plugins/filesystem/LegacyFilesystemImplementation.kt:66:29 Java type mismatch: inferred type is 'String?', but 'String' was expected.

> Task :app:processReleaseResources
> Task :capacitor-filesystem:compileReleaseJavaWithJavac NO-SOURCE
> Task :capacitor-filesystem:bundleLibCompileToJarRelease
> Task :capacitor-android:prepareReleaseArtProfile
> Task :capacitor-filesystem:bundleLibRuntimeToDirRelease
> Task :app:compileReleaseJavaWithJavac
> Task :app:dexBuilderRelease
> Task :capacitor-app:prepareReleaseArtProfile
> Task :capacitor-community-keep-awake:prepareReleaseArtProfile
> Task :capacitor-cordova-android-plugins:prepareReleaseArtProfile
> Task :capacitor-filesystem:prepareReleaseArtProfile
> Task :capacitor-share:prepareReleaseArtProfile
> Task :capacitor-community-keep-awake:bundleLibRuntimeToJarRelease
> Task :app:mergeReleaseArtProfile
> Task :capacitor-app:bundleLibRuntimeToJarRelease
> Task :capacitor-filesystem:bundleLibRuntimeToJarRelease
> Task :capacitor-share:bundleLibRuntimeToJarRelease
> Task :capacitor-android:bundleLibRuntimeToJarRelease
> Task :capacitor-cordova-android-plugins:bundleLibRuntimeToJarRelease
> Task :app:mergeReleaseShaders
> Task :app:compileReleaseShaders NO-SOURCE
> Task :app:generateReleaseAssets UP-TO-DATE
> Task :capacitor-android:mergeReleaseShaders
> Task :capacitor-android:compileReleaseShaders NO-SOURCE
> Task :capacitor-android:generateReleaseAssets UP-TO-DATE
> Task :capacitor-android:mergeReleaseAssets
> Task :capacitor-app:mergeReleaseShaders
> Task :capacitor-app:compileReleaseShaders NO-SOURCE
> Task :capacitor-app:generateReleaseAssets UP-TO-DATE
> Task :capacitor-app:mergeReleaseAssets
> Task :capacitor-community-keep-awake:mergeReleaseShaders
> Task :capacitor-community-keep-awake:compileReleaseShaders NO-SOURCE
> Task :capacitor-community-keep-awake:generateReleaseAssets UP-TO-DATE
> Task :capacitor-community-keep-awake:mergeReleaseAssets
> Task :capacitor-cordova-android-plugins:mergeReleaseShaders
> Task :capacitor-cordova-android-plugins:compileReleaseShaders NO-SOURCE
> Task :capacitor-cordova-android-plugins:generateReleaseAssets UP-TO-DATE
> Task :capacitor-cordova-android-plugins:mergeReleaseAssets
> Task :capacitor-filesystem:mergeReleaseShaders
> Task :capacitor-filesystem:compileReleaseShaders NO-SOURCE
> Task :capacitor-filesystem:generateReleaseAssets UP-TO-DATE
> Task :capacitor-filesystem:mergeReleaseAssets
> Task :capacitor-share:mergeReleaseShaders
> Task :capacitor-share:compileReleaseShaders NO-SOURCE
> Task :capacitor-share:generateReleaseAssets UP-TO-DATE
> Task :capacitor-share:mergeReleaseAssets
> Task :app:mergeReleaseAssets
> Task :app:compressReleaseAssets
> Task :app:extractReleaseVersionControlInfo
> Task :app:extractProguardFiles
> Task :capacitor-android:processReleaseJavaRes NO-SOURCE
> Task :capacitor-android:createFullJarRelease
> Task :capacitor-android:extractProguardFiles
> Task :app:mergeExtDexRelease
> Task :capacitor-android:generateReleaseLintModel
> Task :app:mergeReleaseGlobalSynthetics
> Task :capacitor-app:processReleaseJavaRes NO-SOURCE
> Task :capacitor-android:prepareLintJarForPublish
> Task :capacitor-app:createFullJarRelease
> Task :capacitor-app:extractProguardFiles
> Task :capacitor-app:generateReleaseLintModel
> Task :capacitor-app:prepareLintJarForPublish
> Task :capacitor-community-keep-awake:processReleaseJavaRes NO-SOURCE
> Task :capacitor-community-keep-awake:createFullJarRelease
> Task :capacitor-community-keep-awake:extractProguardFiles
> Task :capacitor-community-keep-awake:generateReleaseLintModel
> Task :capacitor-cordova-android-plugins:processReleaseJavaRes NO-SOURCE
> Task :capacitor-community-keep-awake:prepareLintJarForPublish
> Task :capacitor-cordova-android-plugins:createFullJarRelease
> Task :capacitor-cordova-android-plugins:extractProguardFiles
> Task :app:mergeDexRelease
> Task :capacitor-cordova-android-plugins:generateReleaseLintModel
> Task :capacitor-cordova-android-plugins:prepareLintJarForPublish
> Task :capacitor-filesystem:processReleaseJavaRes
> Task :capacitor-filesystem:createFullJarRelease
> Task :capacitor-filesystem:extractProguardFiles
> Task :capacitor-filesystem:generateReleaseLintModel
> Task :capacitor-filesystem:prepareLintJarForPublish
> Task :capacitor-share:processReleaseJavaRes NO-SOURCE
> Task :capacitor-share:createFullJarRelease
> Task :capacitor-share:extractProguardFiles
> Task :capacitor-share:generateReleaseLintModel
> Task :capacitor-share:prepareLintJarForPublish
> Task :app:generateReleaseLintVitalReportModel
> Task :capacitor-community-keep-awake:checkReleaseAarMetadata
> Task :capacitor-community-keep-awake:stripReleaseDebugSymbols NO-SOURCE
> Task :capacitor-community-keep-awake:copyReleaseJniLibsProjectAndLocalJars
> Task :capacitor-community-keep-awake:extractDeepLinksForAarRelease
> Task :app:compileReleaseArtProfile
> Task :capacitor-community-keep-awake:extractReleaseAnnotations
> Task :capacitor-community-keep-awake:mergeReleaseGeneratedProguardFiles
> Task :capacitor-community-keep-awake:mergeReleaseConsumerProguardFiles
> Task :capacitor-app:stripReleaseDebugSymbols NO-SOURCE
> Task :capacitor-app:checkReleaseAarMetadata
> Task :capacitor-app:extractDeepLinksForAarRelease
> Task :capacitor-app:copyReleaseJniLibsProjectAndLocalJars
> Task :capacitor-app:extractReleaseAnnotations
> Task :capacitor-app:mergeReleaseGeneratedProguardFiles
> Task :capacitor-app:mergeReleaseConsumerProguardFiles
> Task :capacitor-filesystem:stripReleaseDebugSymbols NO-SOURCE
> Task :capacitor-filesystem:copyReleaseJniLibsProjectAndLocalJars
> Task :capacitor-filesystem:extractDeepLinksForAarRelease
> Task :capacitor-filesystem:checkReleaseAarMetadata
> Task :capacitor-app:mergeReleaseJavaResource
> Task :capacitor-community-keep-awake:mergeReleaseJavaResource
> Task :capacitor-filesystem:extractReleaseAnnotations
> Task :capacitor-community-keep-awake:syncReleaseLibJars
> Task :capacitor-community-keep-awake:bundleReleaseLocalLintAar
> Task :capacitor-app:syncReleaseLibJars
> Task :capacitor-app:bundleReleaseLocalLintAar
> Task :capacitor-filesystem:mergeReleaseGeneratedProguardFiles
> Task :capacitor-filesystem:mergeReleaseConsumerProguardFiles
> Task :capacitor-share:stripReleaseDebugSymbols NO-SOURCE
> Task :capacitor-share:checkReleaseAarMetadata
> Task :capacitor-share:copyReleaseJniLibsProjectAndLocalJars
> Task :capacitor-share:extractDeepLinksForAarRelease
> Task :capacitor-share:extractReleaseAnnotations
> Task :capacitor-share:mergeReleaseGeneratedProguardFiles
> Task :capacitor-share:mergeReleaseConsumerProguardFiles
> Task :capacitor-filesystem:mergeReleaseJavaResource
> Task :capacitor-share:mergeReleaseJavaResource
> Task :capacitor-filesystem:syncReleaseLibJars
> Task :capacitor-filesystem:bundleReleaseLocalLintAar
> Task :capacitor-share:syncReleaseLibJars
> Task :capacitor-share:bundleReleaseLocalLintAar
> Task :capacitor-android:checkReleaseAarMetadata
> Task :capacitor-android:stripReleaseDebugSymbols NO-SOURCE
> Task :capacitor-android:extractDeepLinksForAarRelease
> Task :capacitor-android:copyReleaseJniLibsProjectAndLocalJars
> Task :capacitor-android:extractReleaseAnnotations
> Task :capacitor-android:mergeReleaseGeneratedProguardFiles
> Task :capacitor-android:mergeReleaseConsumerProguardFiles
> Task :capacitor-android:mergeReleaseJavaResource
> Task :capacitor-cordova-android-plugins:checkReleaseAarMetadata
> Task :capacitor-android:syncReleaseLibJars
> Task :capacitor-android:bundleReleaseLocalLintAar
> Task :capacitor-cordova-android-plugins:stripReleaseDebugSymbols NO-SOURCE
> Task :capacitor-cordova-android-plugins:copyReleaseJniLibsProjectAndLocalJars
> Task :capacitor-cordova-android-plugins:extractDeepLinksForAarRelease
> Task :capacitor-cordova-android-plugins:extractReleaseAnnotations
> Task :capacitor-cordova-android-plugins:mergeReleaseGeneratedProguardFiles
> Task :capacitor-cordova-android-plugins:mergeReleaseConsumerProguardFiles
> Task :capacitor-cordova-android-plugins:mergeReleaseJavaResource
> Task :capacitor-cordova-android-plugins:syncReleaseLibJars
> Task :capacitor-cordova-android-plugins:bundleReleaseLocalLintAar
> Task :capacitor-android:writeReleaseLintModelMetadata
> Task :capacitor-app:writeReleaseLintModelMetadata
> Task :capacitor-community-keep-awake:writeReleaseLintModelMetadata
> Task :capacitor-cordova-android-plugins:writeReleaseLintModelMetadata
> Task :capacitor-filesystem:writeReleaseLintModelMetadata
> Task :capacitor-share:writeReleaseLintModelMetadata
> Task :capacitor-android:generateReleaseLintVitalModel
> Task :capacitor-app:generateReleaseLintVitalModel
> Task :capacitor-community-keep-awake:generateReleaseLintVitalModel
> Task :capacitor-cordova-android-plugins:generateReleaseLintVitalModel
> Task :capacitor-filesystem:generateReleaseLintVitalModel
> Task :capacitor-share:generateReleaseLintVitalModel
> Task :app:processReleaseJavaRes NO-SOURCE
> Task :app:optimizeReleaseResources
> Task :app:collectReleaseDependencies
> Task :app:sdkReleaseDependencyData
> Task :app:validateSigningRelease
> Task :app:writeReleaseAppMetadata
> Task :app:writeReleaseSigningConfigVersions
> Task :capacitor-android:bundleReleaseAar
> Task :capacitor-android:mapReleaseSourceSetPaths
> Task :app:mergeReleaseJavaResource
> Task :capacitor-android:mergeReleaseResources
> Task :capacitor-app:bundleReleaseAar
> Task :capacitor-app:mapReleaseSourceSetPaths
> Task :capacitor-app:mergeReleaseResources
> Task :capacitor-android:verifyReleaseResources
> Task :capacitor-android:assembleRelease
> Task :capacitor-community-keep-awake:bundleReleaseAar
> Task :capacitor-community-keep-awake:mapReleaseSourceSetPaths
> Task :capacitor-app:verifyReleaseResources
> Task :capacitor-community-keep-awake:mergeReleaseResources
> Task :capacitor-app:assembleRelease
> Task :capacitor-cordova-android-plugins:bundleReleaseAar
> Task :capacitor-cordova-android-plugins:mapReleaseSourceSetPaths
> Task :capacitor-community-keep-awake:verifyReleaseResources
> Task :capacitor-cordova-android-plugins:mergeReleaseResources
> Task :capacitor-community-keep-awake:assembleRelease
> Task :capacitor-filesystem:bundleReleaseAar
> Task :capacitor-filesystem:mapReleaseSourceSetPaths
> Task :capacitor-filesystem:mergeReleaseResources
> Task :capacitor-cordova-android-plugins:verifyReleaseResources
> Task :capacitor-cordova-android-plugins:assembleRelease
> Task :capacitor-share:bundleReleaseAar
> Task :capacitor-share:mapReleaseSourceSetPaths
> Task :capacitor-filesystem:verifyReleaseResources
> Task :capacitor-share:mergeReleaseResources
> Task :capacitor-filesystem:assembleRelease
> Task :capacitor-share:verifyReleaseResources
> Task :capacitor-share:assembleRelease
> Task :capacitor-app:lintVitalAnalyzeRelease
> Task :capacitor-community-keep-awake:lintVitalAnalyzeRelease
> Task :capacitor-cordova-android-plugins:lintVitalAnalyzeRelease
> Task :capacitor-android:lintVitalAnalyzeRelease
> Task :capacitor-share:lintVitalAnalyzeRelease
> Task :capacitor-filesystem:lintVitalAnalyzeRelease
> Task :app:lintVitalAnalyzeRelease
> Task :app:lintVitalReportRelease
> Task :app:lintVitalRelease
> Task :app:packageRelease
> Task :app:createReleaseApkListingFileRedirect
> Task :app:assembleRelease

[Incubating] Problems report is available at: file:///home/runner/work/Manu/Manu/recettes-app/android/build/reports/problems/problems-report.html

BUILD SUCCESSFUL in 2m 2s
285 actionable tasks: 285 executed
